// Jest Snapshot v1, https://goo.gl/fbAQLP

exports[`Search Results renders correctly 1`] = `
<DocumentFragment>
  <p>
    Click and hold the images to zoom in!
  </p>
  <div
    class="container"
  >
    <img
      alt="Result 0"
      class="search-result__image"
      src="../images/testImage1.jpeg"
    />
    <img
      alt="Result 1"
      class="search-result__image"
      src="../images/testImage2.jpeg"
    />
    <img
      alt="Result 2"
      class="search-result__image"
      src="../images/testImage3.jpeg"
    />
  </div>
</DocumentFragment>
`;
