// Jest Snapshot v1, https://goo.gl/fbAQLP

exports[`Search renders correctly 1`] = `
<DocumentFragment>
  <form>
    <input
      class="search__input"
      placeholder="Enter image keywords here"
      type="search"
    />
    <input
      class="search__button"
      type="submit"
      value="Search"
    />
  </form>
</DocumentFragment>
`;
